app/search/page.tsx(447,104): error TS2339: Property '__SEARCH_EVIDENCE__' does not exist on type 'Window & typeof globalThis'.
app/search/page.tsx(447,134): error TS2339: Property '__SEARCH_EVIDENCE__' does not exist on type 'Window & typeof globalThis'.
components/qpro/review-qpro-modal.tsx(363,59): error TS2345: Argument of type 'unknown' is not assignable to parameter of type 'string | number | boolean'.
components/qpro/review-qpro-modal.tsx(937,59): error TS2339: Property 'targetType' does not exist on type 'Activity'.
lib/services/analytics-service.ts(198,9): error TS2322: Type '{ id: any; title: any; description: any; category: any; tags: string[]; uploadedBy: any; uploadedById: any; uploadedAt: Date; fileUrl: any; fileType: any; fileSize: any; downloads: any; views: any; version: any; }[]' is not assignable to type 'Document[]'.
  Property 'fileName' is missing in type '{ id: any; title: any; description: any; category: any; tags: string[]; uploadedBy: any; uploadedById: any; uploadedAt: Date; fileUrl: any; fileType: any; fileSize: any; downloads: any; views: any; version: any; }' but required in type 'Document'.
lib/services/search-cache-service.ts(181,36): error TS2556: A spread argument must either have a tuple type or be passed to a rest parameter.
lib/services/search-cache-service.ts(201,36): error TS2556: A spread argument must either have a tuple type or be passed to a rest parameter.
lib/services/unit-document-service.ts(162,7): error TS2322: Type '{ tags: string[]; year: number | undefined; quarter: number | undefined; unitId: any; versionNotes: string | undefined; uploadedAt: Date; createdAt: Date; updatedAt: Date; ... 22 more ...; colivaraMetadata: JsonValue | null; }' is not assignable to type 'Document'.
  Types of property 'blobName' are incompatible.
    Type 'string | null' is not assignable to type 'string | undefined'.
      Type 'null' is not assignable to type 'string | undefined'.
lib/services/unit-document-service.ts(273,7): error TS2322: Type '{ tags: string[]; year: number | undefined; quarter: number | undefined; unitId: any; versionNotes: string | undefined; uploadedAt: Date; createdAt: Date; updatedAt: Date; ... 22 more ...; colivaraMetadata: JsonValue | null; }' is not assignable to type 'Document'.
  Types of property 'blobName' are incompatible.
    Type 'string | null' is not assignable to type 'string | undefined'.
      Type 'null' is not assignable to type 'string | undefined'.
lib/services/unit-document-service.ts(379,7): error TS2322: Type '{ tags: string[]; year: number | undefined; quarter: number | undefined; unitId: any; versionNotes: string | undefined; uploadedAt: Date; createdAt: Date; updatedAt: Date; ... 22 more ...; colivaraMetadata: JsonValue | null; }' is not assignable to type 'Document'.
  Types of property 'blobName' are incompatible.
    Type 'string | null' is not assignable to type 'string | undefined'.
      Type 'null' is not assignable to type 'string | undefined'.
scripts/system-health-check.ts(129,18): error TS2551: Property 'qproAnalysis' does not exist on type 'PrismaClient<PrismaClientOptions, never, DefaultArgs>'. Did you mean 'qPROAnalysis'?
scripts/system-health-check.ts(130,22): error TS2551: Property 'qproAnalysis' does not exist on type 'PrismaClient<PrismaClientOptions, never, DefaultArgs>'. Did you mean 'qPROAnalysis'?
